<think>
Đầu tiên, tôi đọc kỹ nội dung lý thuyết được cung cấp: "Số phức z = a + bi". Đây là kiến thức cơ bản về số phức trong toán học.

Tôi cần tạo ra hai bài tập mới, mỗi bài tập bao gồm các thông tin như id, lesson_number, lesson_name, topic, difficulty, bloom_level, question_text và correct_answer. Các mức độ từ Dễ đến Khó phải được trải dài.

Bài tập đầu tiên, tôi chọn mức độ Dễ và Bloom Level là Remembering. Câu hỏi xoay quanh việc xác định phần ảo của số phức z = 3 + 4i. Đáp án đúng là 4, và tôi sẽ giải thích chi tiết để sinh viên dễ hiểu.

Tiếp theo, bài tập thứ hai tôi đặt mức độ Khó và Bloom Level là Applying. Câu hỏi yêu cầu sinh viên tính giá trị của biểu thức (2 - i)(3 + 2i) và cho biết phần thực của kết quả. Tôi sẽ cung cấp đáp án chi tiết từng bước để sinh viên có thể theo dõi và nắm vững phương pháp giải.

Cuối cùng, tôi kiểm tra lại các yêu cầu về định dạng JSON, đảm bảo sử dụng đúng các ký hiệu và không mắc lỗi cú pháp. Tất cả nội dung được viết bằng tiếng Việt, tuân thủ chặt chẽ cấu trúc và các quy tắc đã đề ra.
</think>

```json
{
  "data": {
    "subject": "Giải tích - Đại số",
    "chapter_number": 2,
    "chapter_name": "Số phức",
    "questions": [
      {
        "id": "GT_DA_1.1_C1_001",
        "lesson_number": "1.1",
        "lesson_name": "Phép tính với số phức",
        "topic": "Phần thực và phần ảo của số phức",
        "difficulty": "Easy",
        "bloom_level": "Remembering",
        "question_text": "Xác định phần ảo của số phức z = 3 + 4i.",
        "correct_answer": "Phần ảo của z là 4."
      },
      {
        "id": "GT_DA_1.2_C1_002",
        "lesson_number": "1.2",
        "lesson_name": "Tích của số phức",
        "topic": "Tính tích và tìm phần thực của kết quả",
        "difficulty": "Hard",
        "bloom_level": "Applying",
        "question_text": "Tính giá trị của (2 - i)(3 + 2i) và cho biết phần thực của kết quả.",
        "correct_answer": "Kết quả là 8 - 4i, nên phần thực là 8."
      }
    ]
  }
}
```